// Jest Snapshot v1, https://goo.gl/fbAQLP

exports[`Package component should render correctly 1`] = `
<Screen>
  <div
    className="headerWrap"
  >
    <div
      className="header"
    />
    <Target
      className="icon"
    />
    <div
      className="percent"
    />
  </div>
</Screen>
`;
