// Jest Snapshot v1, https://goo.gl/fbAQLP

exports[`Dialog component should render correctly 1`] = `
<div
  className="general"
>
  <div
    className="header"
  />
  <div
    className="description"
  />
  <div
    className="wrap"
  >
    <Button
      className="button"
      element="button"
      mod="tertiary"
      onClick={[Function]}
      round="small"
    >
      Cancel
    </Button>
    <Button
      className="button"
      element="button"
      mod="secondary"
      onClick={[Function]}
      round="small"
    >
      Delete
    </Button>
  </div>
  <Button
    className="close"
    element="button"
    mod="icon"
    onClick={[Function]}
    round="small"
  >
    <Close />
  </Button>
</div>
`;
