// Jest Snapshot v1, https://goo.gl/fbAQLP

exports[`Line component should render correctly 1`] = `
<div
  className="line"
/>
`;
