// Jest Snapshot v1, https://goo.gl/fbAQLP

exports[`SearchMarker component should render correctly 1`] = `
<img
  alt="Search Marker"
  className="general"
  src={Object {}}
/>
`;
